<html>
<body>
<pre>
<h1>µVision Build Log</h1>
<h2>Tool Versions:</h2>
IDE-Version: ¦ÌVision V5.14.0.0
Copyright (C) 2015 ARM Ltd and ARM Germany GmbH. All rights reserved.
License Information: 1 Alinn, 1, LIC=----
 
Tool Versions:
Toolchain:       MDK-Lite  Version: 5.14.0.0
Toolchain Path:  D:\Keil_v5\ARM\ARMCC\Bin
C Compiler:      Armcc.exe V5.05 update 1 (build 106)
Assembler:       Armasm.exe V5.05 update 1 (build 106)
Linker/Locator:  ArmLink.exe V5.05 update 1 (build 106)
Library Manager: ArmAr.exe V5.05 update 1 (build 106)
Hex Converter:   FromElf.exe V5.05 update 1 (build 106)
CPU DLL:         SARMCM3.DLL V5.14.0.0
Dialog DLL:      DARMCM1.DLL V1.12.0.0
Target DLL:      UL2CM3.DLL V1.155.0.0
Dialog DLL:      TARMCM1.DLL V1.9.0.0
 
<h2>Project:</h2>
D:\Desktop\5_18thursday\5_18thursday\5_18thursday\19_FullÊµÑé_¼Ä´æÆ÷°æ\Full\project.uvprojx
Project File Date:  05/19/2023

<h2>Output:</h2>
Rebuild target 'Full'
assembling startup_LPC11xx.s...
compiling core_cm0.c...
compiling system_LPC11xx.c...
compiling clkconfig.c...
compiling gpio.c...
compiling uart.c...
compiling retarget.c...
compiling timer32.c...
compiling ssp.c...
compiling i2c.c...
compiling can.c...
compiling adc.c...
compiling tools.c...
compiling key.c...
compiling seg7led.c...
compiling oled2864.c...
compiling temp_hum.c...
compiling light.c...
compiling acc.c...
compiling rfid.c...
compiling spi_uart.c...
compiling main.c...
src\main.c(273): warning:  #111-D: statement is unreachable
        MYSYSAHBCLKCTRL &= ~(0x01 << 6);
src\main.c(158): warning:  #177-D: variable "menu" was declared but never referenced
    Menu_TypeDef        menu;
src\main.c(159): warning:  #177-D: variable "key" was declared but never referenced
    uint32_t    key;
src\main.c: 3 warnings, 0 errors
compiling can_pgm.c...
compiling menu.c...
compiling sensor.c...
compiling led_spk_fan.c...
compiling lpc11c14_it.c...
linking...
Program Size: Code=18116 RO-data=2236 RW-data=204 ZI-data=1732  
FromELF: creating hex file...
".\output\Full.axf" - 0 Error(s), 3 Warning(s).

<h2>Software Packages used:</h2>

Package Vendor: ARM
                http://www.keil.com/pack/ARM.CMSIS.4.2.0.pack
                ARM::CMSIS:CORE:3.40.0
                CMSIS (Cortex Microcontroller Software Interface Standard)
   * Component: CORE Version: 3.40.0

<h2>Collection of Component include folders:</h2>
  D:\Desktop\5_18thursday\5_18thursday\5_18thursday\19_FullÊµÑé_¼Ä´æÆ÷°æ\Full\RTE
  D:\Keil_v5\ARM\CMSIS\4.2.0\CMSIS\Include
  D:\Keil_v5\Keil\LPC1100_DFP\1.4.0\Device\Include\LPC11xx

<h2>Collection of Component Files used:</h2>

   * Component: ARM::CMSIS:CORE:3.40.0
      Source file:   CMSIS\UserCodeTemplates\ARM\ITM_Retarget.c
</pre>
</body>
</html>
