Component: ARM Compiler 5.05 update 1 (build 106) Tool: armlink [4d0efa]

==============================================================================

Section Cross References

    startup_lpc11xx.o(RESET) refers to startup_lpc11xx.o(STACK) for __initial_sp
    startup_lpc11xx.o(RESET) refers to startup_lpc11xx.o(.text) for Reset_Handler
    startup_lpc11xx.o(RESET) refers to main.o(.text) for SysTick_Handler
    startup_lpc11xx.o(RESET) refers to can.o(.text) for CAN_IRQHandler
    startup_lpc11xx.o(RESET) refers to ssp.o(.text) for SSP1_IRQHandler
    startup_lpc11xx.o(RESET) refers to i2c.o(.text) for I2C_IRQHandler
    startup_lpc11xx.o(RESET) refers to timer32.o(.text) for TIMER32_0_IRQHandler
    startup_lpc11xx.o(RESET) refers to uart.o(.text) for UART_IRQHandler
    startup_lpc11xx.o(RESET) refers to lpc11c14_it.o(.text) for PIOINT3_IRQHandler
    startup_lpc11xx.o(.text) refers to entry.o(.ARM.Collect$$$$00000000) for __main
    system_lpc11xx.o(.text) refers to system_lpc11xx.o(.data) for ClockSource
    gpio.o(.text) refers to gpio.o(.constdata) for LPC_GPIO
    uart.o(.text) refers to uidiv.o(.text) for __aeabi_uidivmod
    uart.o(.text) refers to printfa.o(i.__0vsnprintf) for __c89vsnprintf
    uart.o(.text) refers to uart.o(.data) for UARTStatus
    uart.o(.text) refers to uart.o(.bss) for UARTBuffer
    uart.o(.text) refers to system_lpc11xx.o(.data) for SystemAHBFrequency
    retarget.o(.text) refers to uart.o(.data) for UARTCount
    retarget.o(.text) refers to uart.o(.bss) for UARTBuffer
    timer32.o(.text) refers to uidiv.o(.text) for __aeabi_uidivmod
    timer32.o(.text) refers to system_lpc11xx.o(.data) for SystemAHBFrequency
    timer32.o(.text) refers to timer32.o(.data) for timer32_0_counter
    ssp.o(.text) refers to gpio.o(.text) for GPIOSetDir
    ssp.o(.text) refers to ssp.o(.data) for interruptOverRunStat0
    i2c.o(.text) refers to i2c.o(i.__ARM_common_switch8) for __ARM_common_switch8
    i2c.o(.text) refers to i2c.o(.data) for WrIndex
    can.o(.text) refers to can.o(.bss) for can_buff
    can.o(.text) refers to can.o(.data) for EWarnCnt
    adc.o(.text) refers to uidiv.o(.text) for __aeabi_uidivmod
    adc.o(.text) refers to adc.o(.bss) for ADCValue
    adc.o(.text) refers to system_lpc11xx.o(.data) for SystemAHBFrequency
    tools.o(.text) refers to uidiv.o(.text) for __aeabi_uidivmod
    key.o(.text) refers to gpio.o(.text) for GPIOSetDir
    seg7led.o(.text) refers to gpio.o(.text) for GPIOSetDir
    seg7led.o(.text) refers to seg7led.o(.constdata) for segcode
    oled2864.o(.text) refers to gpio.o(.text) for GPIOSetValue
    oled2864.o(.text) refers to ssp.o(.text) for SPI_PutGet
    oled2864.o(.text) refers to oled2864.o(.constdata) for Ascii_1
    temp_hum.o(.text) refers to gpio.o(.text) for GPIOIntDisable
    temp_hum.o(.text) refers to tools.o(.text) for delay_ms
    temp_hum.o(.text) refers to oled2864.o(.text) for OLED_ClearScreen
    temp_hum.o(.text) refers to printf8.o(i.__0snprintf$8) for __2snprintf
    temp_hum.o(.text) refers to printf8.o(i.__0printf$8) for __2printf
    temp_hum.o(.text) refers to key.o(.text) for KEY_Read
    temp_hum.o(.text) refers to lpc11c14_it.o(.data) for p3_2_counter
    light.o(.text) refers to i2c.o(.text) for I2CWrite
    light.o(.text) refers to uidiv.o(.text) for __aeabi_uidivmod
    light.o(.text) refers to oled2864.o(.text) for OLED_ClearScreen
    light.o(.text) refers to printf8.o(i.__0printf$8) for __2printf
    light.o(.text) refers to printf8.o(i.__0snprintf$8) for __2snprintf
    light.o(.text) refers to tools.o(.text) for delay_ms
    light.o(.text) refers to key.o(.text) for KEY_Read
    light.o(.text) refers to light.o(.data) for range
    acc.o(.text) refers to i2c.o(.text) for I2CWrite
    acc.o(.text) refers to oled2864.o(.text) for OLED_ClearScreen
    acc.o(.text) refers to printf8.o(i.__0snprintf$8) for __2snprintf
    acc.o(.text) refers to printf8.o(i.__0printf$8) for __2printf
    acc.o(.text) refers to tools.o(.text) for delay_ms
    acc.o(.text) refers to key.o(.text) for KEY_Read
    rfid.o(.text) refers to gpio.o(.text) for GPIOSetValue
    rfid.o(.text) refers to ssp.o(.text) for SPI_Init
    rfid.o(.text) refers to tools.o(.text) for delay_ms
    rfid.o(.text) refers to memcpya.o(.text) for __aeabi_memcpy4
    rfid.o(.text) refers to menu.o(.text) for Dis_Menu
    rfid.o(.text) refers to printf8.o(i.__0printf$8) for __2printf
    rfid.o(.text) refers to printf8.o(i.__0snprintf$8) for __2snprintf
    rfid.o(.text) refers to oled2864.o(.text) for OLED_DisChar
    rfid.o(.text) refers to key.o(.text) for KEY_Read
    rfid.o(.text) refers to rfid.o(.constdata) for RFID_READ_DATA_BLOCK_21
    spi_uart.o(.text) refers to gpio.o(.text) for GPIOSetValue
    spi_uart.o(.text) refers to ssp.o(.text) for SPI_PutGet
    spi_uart.o(.text) refers to uidiv.o(.text) for __aeabi_uidivmod
    spi_uart.o(.text) refers to memcpya.o(.text) for __aeabi_memcpy4
    spi_uart.o(.text) refers to menu.o(.text) for Dis_Menu
    spi_uart.o(.text) refers to tools.o(.text) for delay_ms
    spi_uart.o(.text) refers to uart.o(.text) for UART0_GetChar
    spi_uart.o(.text) refers to oled2864.o(.text) for OLED_DisChar
    spi_uart.o(.text) refers to key.o(.text) for KEY_Read
    spi_uart.o(.text) refers to spi_uart.o(.bss) for SPI752_rbuf_0
    spi_uart.o(.text) refers to spi_uart.o(.data) for SPI752_rbuf_0_ip
    spi_uart.o(.text) refers to printf8.o(i.__0printf$8) for __2printf
    main.o(.text) refers to gpio.o(.text) for GPIOSetValue
    main.o(.text) refers to seg7led.o(.text) for Seg7Led_Put
    main.o(.text) refers to system_lpc11xx.o(.text) for SystemInit
    main.o(.text) refers to led_spk_fan.o(.text) for speaker_op
    main.o(.text) refers to uart.o(.text) for UARTInit
    main.o(.text) refers to main.o(.data) for Tick
    can_pgm.o(.text) refers to can.o(.text) for CAN_Send
    can_pgm.o(.text) refers to memcpya.o(.text) for __aeabi_memcpy4
    can_pgm.o(.text) refers to menu.o(.text) for Dis_Menu
    can_pgm.o(.text) refers to tools.o(.text) for delay_ms
    can_pgm.o(.text) refers to oled2864.o(.text) for OLED_DisChar
    can_pgm.o(.text) refers to uart.o(.text) for UART0_PutChar
    can_pgm.o(.text) refers to key.o(.text) for KEY_Read
    can_pgm.o(.text) refers to printf8.o(i.__0printf$8) for __2printf
    can_pgm.o(.text) refers to gpio.o(.text) for GPIOSetValue
    can_pgm.o(.text) refers to can_pgm.o(.bss) for msg_obj
    can_pgm.o(.text) refers to can_pgm.o(.data) for rom
    can_pgm.o(.text) refers to can.o(.bss) for can_buff
    can_pgm.o(.data) refers to can_pgm.o(.text) for CAN_rx
    menu.o(.text) refers to idiv.o(.text) for __aeabi_idivmod
    menu.o(.text) refers to oled2864.o(.text) for OLED_ClearScreen
    sensor.o(.text) refers to oled2864.o(.text) for OLED_ClearScreen
    sensor.o(.text) refers to printf8.o(i.__0printf$8) for __2printf
    sensor.o(.text) refers to adc.o(.text) for ADCInit
    sensor.o(.text) refers to dfltui.o(.text) for __aeabi_ui2d
    sensor.o(.text) refers to dmul.o(.text) for __aeabi_dmul
    sensor.o(.text) refers to ddiv.o(.text) for __aeabi_ddiv
    sensor.o(.text) refers to d2f.o(.text) for __aeabi_d2f
    sensor.o(.text) refers to fmul.o(.text) for __aeabi_fmul
    sensor.o(.text) refers to ffixui.o(.text) for __aeabi_f2uiz
    sensor.o(.text) refers to uidiv.o(.text) for __aeabi_uidivmod
    sensor.o(.text) refers to printf8.o(i.__0snprintf$8) for __2snprintf
    sensor.o(.text) refers to tools.o(.text) for delay_ms
    sensor.o(.text) refers to key.o(.text) for KEY_Read
    led_spk_fan.o(.text) refers to timer32.o(.text) for init_timer32PWM
    led_spk_fan.o(.text) refers to memcpya.o(.text) for __aeabi_memcpy4
    led_spk_fan.o(.text) refers to menu.o(.text) for Dis_Menu
    led_spk_fan.o(.text) refers to tools.o(.text) for delay_ms
    led_spk_fan.o(.text) refers to key.o(.text) for KEY_Read
    led_spk_fan.o(.text) refers to gpio.o(.text) for GPIOSetValue
    led_spk_fan.o(.text) refers to led_spk_fan.o(.data) for period
    lpc11c14_it.o(.text) refers to gpio.o(.text) for GPIOIntStatus
    lpc11c14_it.o(.text) refers to spi_uart.o(.text) for ZigBee_IRQ_Process
    lpc11c14_it.o(.text) refers to lpc11c14_it.o(.data) for gpio0_counter
    entry.o(.ARM.Collect$$$$00000000) refers (Special) to entry10a.o(.ARM.Collect$$$$0000000D) for __rt_final_cpp
    entry.o(.ARM.Collect$$$$00000000) refers (Special) to entry11a.o(.ARM.Collect$$$$0000000F) for __rt_final_exit
    entry.o(.ARM.Collect$$$$00000000) refers (Special) to entry7b.o(.ARM.Collect$$$$00000008) for _main_clock
    entry.o(.ARM.Collect$$$$00000000) refers (Special) to entry8b.o(.ARM.Collect$$$$0000000A) for _main_cpp_init
    entry.o(.ARM.Collect$$$$00000000) refers (Special) to entry9a.o(.ARM.Collect$$$$0000000B) for _main_init
    entry.o(.ARM.Collect$$$$00000000) refers (Special) to entry5.o(.ARM.Collect$$$$00000004) for _main_scatterload
    entry.o(.ARM.Collect$$$$00000000) refers (Special) to entry2.o(.ARM.Collect$$$$00000001) for _main_stk
    idiv.o(.text) refers to uidiv.o(.text) for __aeabi_uidivmod
    printfb.o(i.__0fprintf$bare) refers to printfb.o(i._printf_core) for _printf_core
    printfb.o(i.__0fprintf$bare) refers to retarget.o(.text) for fputc
    printfb.o(i.__0printf$bare) refers to printfb.o(i._printf_core) for _printf_core
    printfb.o(i.__0printf$bare) refers to retarget.o(.text) for fputc
    printfb.o(i.__0printf$bare) refers to retarget.o(.data) for __stdout
    printfb.o(i.__0snprintf$bare) refers to printfb.o(i._printf_core) for _printf_core
    printfb.o(i.__0snprintf$bare) refers to printfb.o(i._snputc) for _snputc
    printfb.o(i.__0sprintf$bare) refers to printfb.o(i._printf_core) for _printf_core
    printfb.o(i.__0sprintf$bare) refers to printfb.o(i._sputc) for _sputc
    printfb.o(i.__0vfprintf$bare) refers to printfb.o(i._printf_core) for _printf_core
    printfb.o(i.__0vfprintf$bare) refers to retarget.o(.text) for fputc
    printfb.o(i.__0vprintf$bare) refers to printfb.o(i._printf_core) for _printf_core
    printfb.o(i.__0vprintf$bare) refers to retarget.o(.text) for fputc
    printfb.o(i.__0vprintf$bare) refers to retarget.o(.data) for __stdout
    printfb.o(i.__0vsnprintf$bare) refers to printfb.o(i._printf_core) for _printf_core
    printfb.o(i.__0vsnprintf$bare) refers to printfb.o(i._snputc) for _snputc
    printfb.o(i.__0vsprintf$bare) refers to printfb.o(i._printf_core) for _printf_core
    printfb.o(i.__0vsprintf$bare) refers to printfb.o(i._sputc) for _sputc
    printf0.o(i.__0fprintf$0) refers to printf0.o(i._printf_core) for _printf_core
    printf0.o(i.__0fprintf$0) refers to retarget.o(.text) for fputc
    printf0.o(i.__0printf$0) refers to printf0.o(i._printf_core) for _printf_core
    printf0.o(i.__0printf$0) refers to retarget.o(.text) for fputc
    printf0.o(i.__0printf$0) refers to retarget.o(.data) for __stdout
    printf0.o(i.__0snprintf$0) refers to printf0.o(i._printf_core) for _printf_core
    printf0.o(i.__0snprintf$0) refers to printf0.o(i._snputc) for _snputc
    printf0.o(i.__0sprintf$0) refers to printf0.o(i._printf_core) for _printf_core
    printf0.o(i.__0sprintf$0) refers to printf0.o(i._sputc) for _sputc
    printf0.o(i.__0vfprintf$0) refers to printf0.o(i._printf_core) for _printf_core
    printf0.o(i.__0vfprintf$0) refers to retarget.o(.text) for fputc
    printf0.o(i.__0vprintf$0) refers to printf0.o(i._printf_core) for _printf_core
    printf0.o(i.__0vprintf$0) refers to retarget.o(.text) for fputc
    printf0.o(i.__0vprintf$0) refers to retarget.o(.data) for __stdout
    printf0.o(i.__0vsnprintf$0) refers to printf0.o(i._printf_core) for _printf_core
    printf0.o(i.__0vsnprintf$0) refers to printf0.o(i._snputc) for _snputc
    printf0.o(i.__0vsprintf$0) refers to printf0.o(i._printf_core) for _printf_core
    printf0.o(i.__0vsprintf$0) refers to printf0.o(i._sputc) for _sputc
    printf1.o(i.__0fprintf$1) refers to printf1.o(i._printf_core) for _printf_core
    printf1.o(i.__0fprintf$1) refers to retarget.o(.text) for fputc
    printf1.o(i.__0printf$1) refers to printf1.o(i._printf_core) for _printf_core
    printf1.o(i.__0printf$1) refers to retarget.o(.text) for fputc
    printf1.o(i.__0printf$1) refers to retarget.o(.data) for __stdout
    printf1.o(i.__0snprintf$1) refers to printf1.o(i._printf_core) for _printf_core
    printf1.o(i.__0snprintf$1) refers to printf1.o(i._snputc) for _snputc
    printf1.o(i.__0sprintf$1) refers to printf1.o(i._printf_core) for _printf_core
    printf1.o(i.__0sprintf$1) refers to printf1.o(i._sputc) for _sputc
    printf1.o(i.__0vfprintf$1) refers to printf1.o(i._printf_core) for _printf_core
    printf1.o(i.__0vfprintf$1) refers to retarget.o(.text) for fputc
    printf1.o(i.__0vprintf$1) refers to printf1.o(i._printf_core) for _printf_core
    printf1.o(i.__0vprintf$1) refers to retarget.o(.text) for fputc
    printf1.o(i.__0vprintf$1) refers to retarget.o(.data) for __stdout
    printf1.o(i.__0vsnprintf$1) refers to printf1.o(i._printf_core) for _printf_core
    printf1.o(i.__0vsnprintf$1) refers to printf1.o(i._snputc) for _snputc
    printf1.o(i.__0vsprintf$1) refers to printf1.o(i._printf_core) for _printf_core
    printf1.o(i.__0vsprintf$1) refers to printf1.o(i._sputc) for _sputc
    printf1.o(i._printf_core) refers to uidiv.o(.text) for __aeabi_uidivmod
    printf2.o(i.__0fprintf$2) refers to printf2.o(i._printf_core) for _printf_core
    printf2.o(i.__0fprintf$2) refers to retarget.o(.text) for fputc
    printf2.o(i.__0printf$2) refers to printf2.o(i._printf_core) for _printf_core
    printf2.o(i.__0printf$2) refers to retarget.o(.text) for fputc
    printf2.o(i.__0printf$2) refers to retarget.o(.data) for __stdout
    printf2.o(i.__0snprintf$2) refers to printf2.o(i._printf_core) for _printf_core
    printf2.o(i.__0snprintf$2) refers to printf2.o(i._snputc) for _snputc
    printf2.o(i.__0sprintf$2) refers to printf2.o(i._printf_core) for _printf_core
    printf2.o(i.__0sprintf$2) refers to printf2.o(i._sputc) for _sputc
    printf2.o(i.__0vfprintf$2) refers to printf2.o(i._printf_core) for _printf_core
    printf2.o(i.__0vfprintf$2) refers to retarget.o(.text) for fputc
    printf2.o(i.__0vprintf$2) refers to printf2.o(i._printf_core) for _printf_core
    printf2.o(i.__0vprintf$2) refers to retarget.o(.text) for fputc
    printf2.o(i.__0vprintf$2) refers to retarget.o(.data) for __stdout
    printf2.o(i.__0vsnprintf$2) refers to printf2.o(i._printf_core) for _printf_core
    printf2.o(i.__0vsnprintf$2) refers to printf2.o(i._snputc) for _snputc
    printf2.o(i.__0vsprintf$2) refers to printf2.o(i._printf_core) for _printf_core
    printf2.o(i.__0vsprintf$2) refers to printf2.o(i._sputc) for _sputc
    printf3.o(i.__0fprintf$3) refers to printf3.o(i._printf_core) for _printf_core
    printf3.o(i.__0fprintf$3) refers to retarget.o(.text) for fputc
    printf3.o(i.__0printf$3) refers to printf3.o(i._printf_core) for _printf_core
    printf3.o(i.__0printf$3) refers to retarget.o(.text) for fputc
    printf3.o(i.__0printf$3) refers to retarget.o(.data) for __stdout
    printf3.o(i.__0snprintf$3) refers to printf3.o(i._printf_core) for _printf_core
    printf3.o(i.__0snprintf$3) refers to printf3.o(i._snputc) for _snputc
    printf3.o(i.__0sprintf$3) refers to printf3.o(i._printf_core) for _printf_core
    printf3.o(i.__0sprintf$3) refers to printf3.o(i._sputc) for _sputc
    printf3.o(i.__0vfprintf$3) refers to printf3.o(i._printf_core) for _printf_core
    printf3.o(i.__0vfprintf$3) refers to retarget.o(.text) for fputc
    printf3.o(i.__0vprintf$3) refers to printf3.o(i._printf_core) for _printf_core
    printf3.o(i.__0vprintf$3) refers to retarget.o(.text) for fputc
    printf3.o(i.__0vprintf$3) refers to retarget.o(.data) for __stdout
    printf3.o(i.__0vsnprintf$3) refers to printf3.o(i._printf_core) for _printf_core
    printf3.o(i.__0vsnprintf$3) refers to printf3.o(i._snputc) for _snputc
    printf3.o(i.__0vsprintf$3) refers to printf3.o(i._printf_core) for _printf_core
    printf3.o(i.__0vsprintf$3) refers to printf3.o(i._sputc) for _sputc
    printf3.o(i._printf_core) refers to uidiv.o(.text) for __aeabi_uidivmod
    printf4.o(i.__0fprintf$4) refers to printf4.o(i._printf_core) for _printf_core
    printf4.o(i.__0fprintf$4) refers to retarget.o(.text) for fputc
    printf4.o(i.__0printf$4) refers to printf4.o(i._printf_core) for _printf_core
    printf4.o(i.__0printf$4) refers to retarget.o(.text) for fputc
    printf4.o(i.__0printf$4) refers to retarget.o(.data) for __stdout
    printf4.o(i.__0snprintf$4) refers to printf4.o(i._printf_core) for _printf_core
    printf4.o(i.__0snprintf$4) refers to printf4.o(i._snputc) for _snputc
    printf4.o(i.__0sprintf$4) refers to printf4.o(i._printf_core) for _printf_core
    printf4.o(i.__0sprintf$4) refers to printf4.o(i._sputc) for _sputc
    printf4.o(i.__0vfprintf$4) refers to printf4.o(i._printf_core) for _printf_core
    printf4.o(i.__0vfprintf$4) refers to retarget.o(.text) for fputc
    printf4.o(i.__0vprintf$4) refers to printf4.o(i._printf_core) for _printf_core
    printf4.o(i.__0vprintf$4) refers to retarget.o(.text) for fputc
    printf4.o(i.__0vprintf$4) refers to retarget.o(.data) for __stdout
    printf4.o(i.__0vsnprintf$4) refers to printf4.o(i._printf_core) for _printf_core
    printf4.o(i.__0vsnprintf$4) refers to printf4.o(i._snputc) for _snputc
    printf4.o(i.__0vsprintf$4) refers to printf4.o(i._printf_core) for _printf_core
    printf4.o(i.__0vsprintf$4) refers to printf4.o(i._sputc) for _sputc
    printf4.o(i._printf_core) refers to uldiv.o(.text) for __aeabi_uldivmod
    printf5.o(i.__0fprintf$5) refers to printf5.o(i._printf_core) for _printf_core
    printf5.o(i.__0fprintf$5) refers to retarget.o(.text) for fputc
    printf5.o(i.__0printf$5) refers to printf5.o(i._printf_core) for _printf_core
    printf5.o(i.__0printf$5) refers to retarget.o(.text) for fputc
    printf5.o(i.__0printf$5) refers to retarget.o(.data) for __stdout
    printf5.o(i.__0snprintf$5) refers to printf5.o(i._printf_core) for _printf_core
    printf5.o(i.__0snprintf$5) refers to printf5.o(i._snputc) for _snputc
    printf5.o(i.__0sprintf$5) refers to printf5.o(i._printf_core) for _printf_core
    printf5.o(i.__0sprintf$5) refers to printf5.o(i._sputc) for _sputc
    printf5.o(i.__0vfprintf$5) refers to printf5.o(i._printf_core) for _printf_core
    printf5.o(i.__0vfprintf$5) refers to retarget.o(.text) for fputc
    printf5.o(i.__0vprintf$5) refers to printf5.o(i._printf_core) for _printf_core
    printf5.o(i.__0vprintf$5) refers to retarget.o(.text) for fputc
    printf5.o(i.__0vprintf$5) refers to retarget.o(.data) for __stdout
    printf5.o(i.__0vsnprintf$5) refers to printf5.o(i._printf_core) for _printf_core
    printf5.o(i.__0vsnprintf$5) refers to printf5.o(i._snputc) for _snputc
    printf5.o(i.__0vsprintf$5) refers to printf5.o(i._printf_core) for _printf_core
    printf5.o(i.__0vsprintf$5) refers to printf5.o(i._sputc) for _sputc
    printf5.o(i._printf_core) refers to uldiv.o(.text) for __aeabi_uldivmod
    printf6.o(i.__0fprintf$6) refers to printf6.o(i._printf_core) for _printf_core
    printf6.o(i.__0fprintf$6) refers to retarget.o(.text) for fputc
    printf6.o(i.__0printf$6) refers to printf6.o(i._printf_core) for _printf_core
    printf6.o(i.__0printf$6) refers to retarget.o(.text) for fputc
    printf6.o(i.__0printf$6) refers to retarget.o(.data) for __stdout
    printf6.o(i.__0snprintf$6) refers to printf6.o(i._printf_core) for _printf_core
    printf6.o(i.__0snprintf$6) refers to printf6.o(i._snputc) for _snputc
    printf6.o(i.__0sprintf$6) refers to printf6.o(i._printf_core) for _printf_core
    printf6.o(i.__0sprintf$6) refers to printf6.o(i._sputc) for _sputc
    printf6.o(i.__0vfprintf$6) refers to printf6.o(i._printf_core) for _printf_core
    printf6.o(i.__0vfprintf$6) refers to retarget.o(.text) for fputc
    printf6.o(i.__0vprintf$6) refers to printf6.o(i._printf_core) for _printf_core
    printf6.o(i.__0vprintf$6) refers to retarget.o(.text) for fputc
    printf6.o(i.__0vprintf$6) refers to retarget.o(.data) for __stdout
    printf6.o(i.__0vsnprintf$6) refers to printf6.o(i._printf_core) for _printf_core
    printf6.o(i.__0vsnprintf$6) refers to printf6.o(i._snputc) for _snputc
    printf6.o(i.__0vsprintf$6) refers to printf6.o(i._printf_core) for _printf_core
    printf6.o(i.__0vsprintf$6) refers to printf6.o(i._sputc) for _sputc
    printf6.o(i._printf_core) refers to printf6.o(i._printf_pre_padding) for _printf_pre_padding
    printf6.o(i._printf_core) refers to printf6.o(i._printf_post_padding) for _printf_post_padding
    printf6.o(i._printf_core) refers to uidiv.o(.text) for __aeabi_uidivmod
    printf7.o(i.__0fprintf$7) refers to printf7.o(i._printf_core) for _printf_core
    printf7.o(i.__0fprintf$7) refers to retarget.o(.text) for fputc
    printf7.o(i.__0printf$7) refers to printf7.o(i._printf_core) for _printf_core
    printf7.o(i.__0printf$7) refers to retarget.o(.text) for fputc
    printf7.o(i.__0printf$7) refers to retarget.o(.data) for __stdout
    printf7.o(i.__0snprintf$7) refers to printf7.o(i._printf_core) for _printf_core
    printf7.o(i.__0snprintf$7) refers to printf7.o(i._snputc) for _snputc
    printf7.o(i.__0sprintf$7) refers to printf7.o(i._printf_core) for _printf_core
    printf7.o(i.__0sprintf$7) refers to printf7.o(i._sputc) for _sputc
    printf7.o(i.__0vfprintf$7) refers to printf7.o(i._printf_core) for _printf_core
    printf7.o(i.__0vfprintf$7) refers to retarget.o(.text) for fputc
    printf7.o(i.__0vprintf$7) refers to printf7.o(i._printf_core) for _printf_core
    printf7.o(i.__0vprintf$7) refers to retarget.o(.text) for fputc
    printf7.o(i.__0vprintf$7) refers to retarget.o(.data) for __stdout
    printf7.o(i.__0vsnprintf$7) refers to printf7.o(i._printf_core) for _printf_core
    printf7.o(i.__0vsnprintf$7) refers to printf7.o(i._snputc) for _snputc
    printf7.o(i.__0vsprintf$7) refers to printf7.o(i._printf_core) for _printf_core
    printf7.o(i.__0vsprintf$7) refers to printf7.o(i._sputc) for _sputc
    printf7.o(i._printf_core) refers to printf7.o(i._printf_pre_padding) for _printf_pre_padding
    printf7.o(i._printf_core) refers to printf7.o(i._printf_post_padding) for _printf_post_padding
    printf7.o(i._printf_core) refers to uldiv.o(.text) for __aeabi_uldivmod
    printf8.o(i.__0fprintf$8) refers to printf8.o(i._printf_core) for _printf_core
    printf8.o(i.__0fprintf$8) refers to retarget.o(.text) for fputc
    printf8.o(i.__0printf$8) refers to printf8.o(i._printf_core) for _printf_core
    printf8.o(i.__0printf$8) refers to retarget.o(.text) for fputc
    printf8.o(i.__0printf$8) refers to retarget.o(.data) for __stdout
    printf8.o(i.__0snprintf$8) refers to printf8.o(i._printf_core) for _printf_core
    printf8.o(i.__0snprintf$8) refers to printf8.o(i._snputc) for _snputc
    printf8.o(i.__0sprintf$8) refers to printf8.o(i._printf_core) for _printf_core
    printf8.o(i.__0sprintf$8) refers to printf8.o(i._sputc) for _sputc
    printf8.o(i.__0vfprintf$8) refers to printf8.o(i._printf_core) for _printf_core
    printf8.o(i.__0vfprintf$8) refers to retarget.o(.text) for fputc
    printf8.o(i.__0vprintf$8) refers to printf8.o(i._printf_core) for _printf_core
    printf8.o(i.__0vprintf$8) refers to retarget.o(.text) for fputc
    printf8.o(i.__0vprintf$8) refers to retarget.o(.data) for __stdout
    printf8.o(i.__0vsnprintf$8) refers to printf8.o(i._printf_core) for _printf_core
    printf8.o(i.__0vsnprintf$8) refers to printf8.o(i._snputc) for _snputc
    printf8.o(i.__0vsprintf$8) refers to printf8.o(i._printf_core) for _printf_core
    printf8.o(i.__0vsprintf$8) refers to printf8.o(i._sputc) for _sputc
    printf8.o(i._printf_core) refers to printf8.o(i._printf_pre_padding) for _printf_pre_padding
    printf8.o(i._printf_core) refers to printf8.o(i._printf_post_padding) for _printf_post_padding
    printf8.o(i._printf_core) refers to uldiv.o(.text) for __aeabi_uldivmod
    printfa.o(i.__0fprintf) refers (Special) to iusefp.o(.text) for __I$use$fp
    printfa.o(i.__0fprintf) refers to printfa.o(i._printf_core) for _printf_core
    printfa.o(i.__0fprintf) refers to retarget.o(.text) for fputc
    printfa.o(i.__0printf) refers (Special) to iusefp.o(.text) for __I$use$fp
    printfa.o(i.__0printf) refers to printfa.o(i._printf_core) for _printf_core
    printfa.o(i.__0printf) refers to retarget.o(.text) for fputc
    printfa.o(i.__0printf) refers to retarget.o(.data) for __stdout
    printfa.o(i.__0snprintf) refers (Special) to iusefp.o(.text) for __I$use$fp
    printfa.o(i.__0snprintf) refers to printfa.o(i._printf_core) for _printf_core
    printfa.o(i.__0snprintf) refers to printfa.o(i._snputc) for _snputc
    printfa.o(i.__0sprintf) refers (Special) to iusefp.o(.text) for __I$use$fp
    printfa.o(i.__0sprintf) refers to printfa.o(i._printf_core) for _printf_core
    printfa.o(i.__0sprintf) refers to printfa.o(i._sputc) for _sputc
    printfa.o(i.__0vfprintf) refers (Special) to iusefp.o(.text) for __I$use$fp
    printfa.o(i.__0vfprintf) refers to printfa.o(i._printf_core) for _printf_core
    printfa.o(i.__0vfprintf) refers to retarget.o(.text) for fputc
    printfa.o(i.__0vprintf) refers (Special) to iusefp.o(.text) for __I$use$fp
    printfa.o(i.__0vprintf) refers to printfa.o(i._printf_core) for _printf_core
    printfa.o(i.__0vprintf) refers to retarget.o(.text) for fputc
    printfa.o(i.__0vprintf) refers to retarget.o(.data) for __stdout
    printfa.o(i.__0vsnprintf) refers (Special) to iusefp.o(.text) for __I$use$fp
    printfa.o(i.__0vsnprintf) refers to printfa.o(i._printf_core) for _printf_core
    printfa.o(i.__0vsnprintf) refers to printfa.o(i._snputc) for _snputc
    printfa.o(i.__0vsprintf) refers (Special) to iusefp.o(.text) for __I$use$fp
    printfa.o(i.__0vsprintf) refers to printfa.o(i._printf_core) for _printf_core
    printfa.o(i.__0vsprintf) refers to printfa.o(i._sputc) for _sputc
    printfa.o(i._fp_digits) refers (Special) to iusefp.o(.text) for __I$use$fp
    printfa.o(i._fp_digits) refers to dmul.o(.text) for __aeabi_dmul
    printfa.o(i._fp_digits) refers to ddiv.o(.text) for __aeabi_ddiv
    printfa.o(i._fp_digits) refers to cdrcmple.o(.text) for __aeabi_cdrcmple
    printfa.o(i._fp_digits) refers to dadd.o(.text) for __aeabi_dadd
    printfa.o(i._fp_digits) refers to dfixul.o(.text) for __aeabi_d2ulz
    printfa.o(i._fp_digits) refers to uldiv.o(.text) for __aeabi_uldivmod
    printfa.o(i._printf_core) refers (Special) to iusefp.o(.text) for __I$use$fp
    printfa.o(i._printf_core) refers to printfa.o(i._printf_pre_padding) for _printf_pre_padding
    printfa.o(i._printf_core) refers to uldiv.o(.text) for __aeabi_uldivmod
    printfa.o(i._printf_core) refers to printfa.o(i._printf_post_padding) for _printf_post_padding
    printfa.o(i._printf_core) refers to printfa.o(i._fp_digits) for _fp_digits
    printfa.o(i._printf_core) refers to uidiv.o(.text) for __aeabi_uidivmod
    printfa.o(i._printf_post_padding) refers (Special) to iusefp.o(.text) for __I$use$fp
    printfa.o(i._printf_pre_padding) refers (Special) to iusefp.o(.text) for __I$use$fp
    printfa.o(i._snputc) refers (Special) to iusefp.o(.text) for __I$use$fp
    printfa.o(i._sputc) refers (Special) to iusefp.o(.text) for __I$use$fp
    fmul.o(.text) refers (Special) to iusefp.o(.text) for __I$use$fp
    dmul.o(.text) refers (Special) to iusefp.o(.text) for __I$use$fp
    dmul.o(.text) refers to depilogue.o(.text) for _double_epilogue
    ddiv.o(.text) refers (Special) to iusefp.o(.text) for __I$use$fp
    ddiv.o(.text) refers to depilogue.o(.text) for _double_round
    dfltui.o(.text) refers (Special) to iusefp.o(.text) for __I$use$fp
    dfltui.o(.text) refers to depilogue.o(.text) for _double_epilogue
    ffixui.o(.text) refers (Special) to iusefp.o(.text) for __I$use$fp
    d2f.o(.text) refers (Special) to iusefp.o(.text) for __I$use$fp
    d2f.o(.text) refers to fepilogue.o(.text) for _float_round
    entry2.o(.ARM.Collect$$$$00000001) refers to entry2.o(.ARM.Collect$$$$00002712) for __lit__00000000
    entry2.o(.ARM.Collect$$$$00002712) refers to startup_lpc11xx.o(STACK) for __initial_sp
    entry2.o(__vectab_stack_and_reset_area) refers to startup_lpc11xx.o(STACK) for __initial_sp
    entry2.o(__vectab_stack_and_reset_area) refers to entry.o(.ARM.Collect$$$$00000000) for __main
    entry5.o(.ARM.Collect$$$$00000004) refers to init.o(.text) for __scatterload
    entry9a.o(.ARM.Collect$$$$0000000B) refers to main.o(.text) for main
    entry9b.o(.ARM.Collect$$$$0000000C) refers to main.o(.text) for main
    uldiv.o(.text) refers to llushr.o(.text) for __aeabi_llsr
    uldiv.o(.text) refers to llshl.o(.text) for __aeabi_llsl
    depilogue.o(.text) refers to depilogue.o(i.__ARM_clz) for __ARM_clz
    depilogue.o(.text) refers to llshl.o(.text) for __aeabi_llsl
    depilogue.o(.text) refers to llushr.o(.text) for __aeabi_llsr
    dadd.o(.text) refers to llshl.o(.text) for __aeabi_llsl
    dadd.o(.text) refers to llsshr.o(.text) for __aeabi_lasr
    dadd.o(.text) refers to depilogue.o(.text) for _double_epilogue
    dfixul.o(.text) refers to llushr.o(.text) for __aeabi_llsr
    dfixul.o(.text) refers to llshl.o(.text) for __aeabi_llsl
    init.o(.text) refers to entry5.o(.ARM.Collect$$$$00000004) for __main_after_scatterload


==============================================================================

Removing Unused input sections from the image.

    Removing startup_lpc11xx.o(HEAP), (0 bytes).
    Removing core_cm0.o(.emb_text), (32 bytes).
    Removing clkconfig.o(.text), (124 bytes).
    Removing ssp.o(.bss), (32 bytes).
    Removing ssp.o(.constdata), (16 bytes).
    Removing can.o(.constdata), (16 bytes).
    Removing adc.o(.text), (460 bytes).
    Removing adc.o(.bss), (32 bytes).
    Removing adc.o(.data), (8 bytes).
    Removing tools.o(.constdata), (16 bytes).
    Removing key.o(.constdata), (16 bytes).
    Removing temp_hum.o(.text), (1016 bytes).
    Removing temp_hum.o(.constdata), (16 bytes).
    Removing light.o(.text), (844 bytes).
    Removing light.o(.data), (8 bytes).
    Removing acc.o(.text), (624 bytes).
    Removing rfid.o(.text), (1624 bytes).
    Removing rfid.o(.constdata), (84 bytes).
    Removing spi_uart.o(.constdata), (16 bytes).
    Removing main.o(.constdata), (16 bytes).
    Removing can_pgm.o(.text), (1768 bytes).
    Removing can_pgm.o(.bss), (60 bytes).
    Removing can_pgm.o(.constdata), (16 bytes).
    Removing can_pgm.o(.data), (44 bytes).
    Removing sensor.o(.text), (244 bytes).
    Removing sensor.o(.constdata), (16 bytes).
    Removing led_spk_fan.o(.constdata), (16 bytes).
    Removing lpc11c14_it.o(.constdata), (16 bytes).
    Removing fmul.o(.text), (122 bytes).
    Removing dfltui.o(.text), (28 bytes).
    Removing ffixui.o(.text), (40 bytes).
    Removing d2f.o(.text), (56 bytes).
    Removing fepilogue.o(.text), (130 bytes).

33 unused section(s) (total 7556 bytes) removed from the image.

==============================================================================

Image Symbol Table

    Local Symbols

    Symbol Name                              Value     Ov Type        Size  Object(Section)

    RESET                                    0x00000000   Section      192  startup_lpc11xx.o(RESET)
    ../clib/microlib/division.c              0x00000000   Number         0  idiv.o ABSOLUTE
    ../clib/microlib/division.c              0x00000000   Number         0  uldiv.o ABSOLUTE
    ../clib/microlib/division.c              0x00000000   Number         0  uidiv.o ABSOLUTE
    ../clib/microlib/init/entry.s            0x00000000   Number         0  entry2.o ABSOLUTE
    ../clib/microlib/init/entry.s            0x00000000   Number         0  entry10a.o ABSOLUTE
    ../clib/microlib/init/entry.s            0x00000000   Number         0  entry5.o ABSOLUTE
    ../clib/microlib/init/entry.s            0x00000000   Number         0  entry9b.o ABSOLUTE
    ../clib/microlib/init/entry.s            0x00000000   Number         0  entry7a.o ABSOLUTE
    ../clib/microlib/init/entry.s            0x00000000   Number         0  entry7b.o ABSOLUTE
    ../clib/microlib/init/entry.s            0x00000000   Number         0  entry8a.o ABSOLUTE
    ../clib/microlib/init/entry.s            0x00000000   Number         0  entry11b.o ABSOLUTE
    ../clib/microlib/init/entry.s            0x00000000   Number         0  entry8b.o ABSOLUTE
    ../clib/microlib/init/entry.s            0x00000000   Number         0  entry9a.o ABSOLUTE
    ../clib/microlib/init/entry.s            0x00000000   Number         0  entry10b.o ABSOLUTE
    ../clib/microlib/init/entry.s            0x00000000   Number         0  entry11a.o ABSOLUTE
    ../clib/microlib/init/entry.s            0x00000000   Number         0  entry.o ABSOLUTE
    ../clib/microlib/longlong.c              0x00000000   Number         0  llsshr.o ABSOLUTE
    ../clib/microlib/longlong.c              0x00000000   Number         0  llushr.o ABSOLUTE
    ../clib/microlib/longlong.c              0x00000000   Number         0  llshl.o ABSOLUTE
    ../clib/microlib/printf/printf.c         0x00000000   Number         0  printfa.o ABSOLUTE
    ../clib/microlib/printf/printf.c         0x00000000   Number         0  printf8.o ABSOLUTE
    ../clib/microlib/printf/printf.c         0x00000000   Number         0  printf2.o ABSOLUTE
    ../clib/microlib/printf/printf.c         0x00000000   Number         0  printf7.o ABSOLUTE
    ../clib/microlib/printf/printf.c         0x00000000   Number         0  printf6.o ABSOLUTE
    ../clib/microlib/printf/printf.c         0x00000000   Number         0  printf5.o ABSOLUTE
    ../clib/microlib/printf/printf.c         0x00000000   Number         0  printf4.o ABSOLUTE
    ../clib/microlib/printf/printf.c         0x00000000   Number         0  printf3.o ABSOLUTE
    ../clib/microlib/printf/printf.c         0x00000000   Number         0  printf1.o ABSOLUTE
    ../clib/microlib/printf/printf.c         0x00000000   Number         0  printf0.o ABSOLUTE
    ../clib/microlib/printf/printf.c         0x00000000   Number         0  printfb.o ABSOLUTE
    ../clib/microlib/printf/stubs.s          0x00000000   Number         0  stubs.o ABSOLUTE
    ../clib/microlib/string/memcpy.c         0x00000000   Number         0  memcpya.o ABSOLUTE
    ../clib/microlib/string/memcpy.c         0x00000000   Number         0  memcpyb.o ABSOLUTE
    ../clib/microlib/stubs.s                 0x00000000   Number         0  useno.o ABSOLUTE
    ../clib/microlib/stubs.s                 0x00000000   Number         0  iusefp.o ABSOLUTE
    ../fplib/microlib/d2f.c                  0x00000000   Number         0  d2f.o ABSOLUTE
    ../fplib/microlib/fpadd.c                0x00000000   Number         0  dadd.o ABSOLUTE
    ../fplib/microlib/fpdiv.c                0x00000000   Number         0  ddiv.o ABSOLUTE
    ../fplib/microlib/fpepilogue.c           0x00000000   Number         0  fepilogue.o ABSOLUTE
    ../fplib/microlib/fpepilogue.c           0x00000000   Number         0  depilogue.o ABSOLUTE
    ../fplib/microlib/fpfix.c                0x00000000   Number         0  dfixul.o ABSOLUTE
    ../fplib/microlib/fpfix.c                0x00000000   Number         0  ffixui.o ABSOLUTE
    ../fplib/microlib/fpflt.c                0x00000000   Number         0  dfltui.o ABSOLUTE
    ../fplib/microlib/fpmul.c                0x00000000   Number         0  dmul.o ABSOLUTE
    ../fplib/microlib/fpmul.c                0x00000000   Number         0  fmul.o ABSOLUTE
    ..\Lib_BSP\src\acc.c                     0x00000000   Number         0  acc.o ABSOLUTE
    ..\Lib_BSP\src\key.c                     0x00000000   Number         0  key.o ABSOLUTE
    ..\Lib_BSP\src\light.c                   0x00000000   Number         0  light.o ABSOLUTE
    ..\Lib_BSP\src\oled2864.c                0x00000000   Number         0  oled2864.o ABSOLUTE
    ..\Lib_BSP\src\rfid.c                    0x00000000   Number         0  rfid.o ABSOLUTE
    ..\Lib_BSP\src\seg7led.c                 0x00000000   Number         0  seg7led.o ABSOLUTE
    ..\Lib_BSP\src\spi_uart.c                0x00000000   Number         0  spi_uart.o ABSOLUTE
    ..\Lib_BSP\src\temp_hum.c                0x00000000   Number         0  temp_hum.o ABSOLUTE
    ..\Lib_BSP\src\tools.c                   0x00000000   Number         0  tools.o ABSOLUTE
    ..\Lib_MCU\src\adc.c                     0x00000000   Number         0  adc.o ABSOLUTE
    ..\Lib_MCU\src\can.c                     0x00000000   Number         0  can.o ABSOLUTE
    ..\Lib_MCU\src\clkconfig.c               0x00000000   Number         0  clkconfig.o ABSOLUTE
    ..\Lib_MCU\src\core_cm0.c                0x00000000   Number         0  core_cm0.o ABSOLUTE
    ..\Lib_MCU\src\gpio.c                    0x00000000   Number         0  gpio.o ABSOLUTE
    ..\Lib_MCU\src\i2c.c                     0x00000000   Number         0  i2c.o ABSOLUTE
    ..\Lib_MCU\src\retarget.c                0x00000000   Number         0  retarget.o ABSOLUTE
    ..\Lib_MCU\src\ssp.c                     0x00000000   Number         0  ssp.o ABSOLUTE
    ..\Lib_MCU\src\startup_LPC11xx.s         0x00000000   Number         0  startup_lpc11xx.o ABSOLUTE
    ..\Lib_MCU\src\system_LPC11xx.c          0x00000000   Number         0  system_lpc11xx.o ABSOLUTE
    ..\Lib_MCU\src\timer32.c                 0x00000000   Number         0  timer32.o ABSOLUTE
    ..\Lib_MCU\src\uart.c                    0x00000000   Number         0  uart.o ABSOLUTE
    ..\\Lib_MCU\\src\\core_cm0.c             0x00000000   Number         0  core_cm0.o ABSOLUTE
    cdrcmple.s                               0x00000000   Number         0  cdrcmple.o ABSOLUTE
    dc.s                                     0x00000000   Number         0  dc.o ABSOLUTE
    handlers.s                               0x00000000   Number         0  handlers.o ABSOLUTE
    init.s                                   0x00000000   Number         0  init.o ABSOLUTE
    src\can_pgm.c                            0x00000000   Number         0  can_pgm.o ABSOLUTE
    src\led_spk_fan.c                        0x00000000   Number         0  led_spk_fan.o ABSOLUTE
    src\lpc11c14_it.c                        0x00000000   Number         0  lpc11c14_it.o ABSOLUTE
    src\main.c                               0x00000000   Number         0  main.o ABSOLUTE
    src\menu.c                               0x00000000   Number         0  menu.o ABSOLUTE
    src\sensor.c                             0x00000000   Number         0  sensor.o ABSOLUTE
    .ARM.Collect$$$$00000000                 0x000000c0   Section        0  entry.o(.ARM.Collect$$$$00000000)
    .ARM.Collect$$$$00000001                 0x000000c0   Section        4  entry2.o(.ARM.Collect$$$$00000001)
    .ARM.Collect$$$$00000004                 0x000000c4   Section        4  entry5.o(.ARM.Collect$$$$00000004)
    .ARM.Collect$$$$00000008                 0x000000c8   Section        0  entry7b.o(.ARM.Collect$$$$00000008)
    .ARM.Collect$$$$0000000A                 0x000000c8   Section        0  entry8b.o(.ARM.Collect$$$$0000000A)
    .ARM.Collect$$$$0000000B                 0x000000c8   Section        8  entry9a.o(.ARM.Collect$$$$0000000B)
    .ARM.Collect$$$$0000000D                 0x000000d0   Section        0  entry10a.o(.ARM.Collect$$$$0000000D)
    .ARM.Collect$$$$0000000F                 0x000000d0   Section        0  entry11a.o(.ARM.Collect$$$$0000000F)
    .ARM.Collect$$$$00002712                 0x000000d0   Section        4  entry2.o(.ARM.Collect$$$$00002712)
    __lit__00000000                          0x000000d0   Data           4  entry2.o(.ARM.Collect$$$$00002712)
    .text                                    0x000000d4   Section       28  startup_lpc11xx.o(.text)
    .text                                    0x000000f0   Section        0  system_lpc11xx.o(.text)
    .text                                    0x000001d4   Section        0  retarget.o(.text)
    .text                                    0x00000260   Section        0  tools.o(.text)
    .text                                    0x000002f4   Section        0  iusefp.o(.text)
    i.__scatterload_null                     0x000002f4   Section        2  handlers.o(i.__scatterload_null)
    .ARM.__at_0x02FC                         0x000002fc   Section        4  startup_lpc11xx.o(.ARM.__at_0x02FC)
    .text                                    0x00000300   Section        0  gpio.o(.text)
    NVIC_EnableIRQ                           0x000006cb   Thumb Code    14  gpio.o(.text)
    .text                                    0x000006f4   Section        0  uart.o(.text)
    .text                                    0x00000948   Section        0  timer32.o(.text)
    NVIC_EnableIRQ                           0x00000de3   Thumb Code    14  timer32.o(.text)
    .text                                    0x00000dfc   Section        0  ssp.o(.text)
    NVIC_EnableIRQ                           0x00001391   Thumb Code    14  ssp.o(.text)
    .text                                    0x000013ac   Section        0  i2c.o(.text)
    .text                                    0x000016b8   Section        0  can.o(.text)
    .text                                    0x00001a20   Section        0  key.o(.text)
    .text                                    0x00001ac8   Section        0  seg7led.o(.text)
    .text                                    0x00001b58   Section        0  oled2864.o(.text)
    .text                                    0x00002468   Section        0  spi_uart.o(.text)
    .text                                    0x00002cf4   Section        0  main.o(.text)
    .text                                    0x00002e94   Section        0  menu.o(.text)
    .text                                    0x00002f5c   Section        0  led_spk_fan.o(.text)
    .text                                    0x0000332c   Section        0  lpc11c14_it.o(.text)
    .text                                    0x0000340c   Section        0  uidiv.o(.text)
    .text                                    0x00003438   Section        0  idiv.o(.text)
    .text                                    0x00003460   Section        0  memcpya.o(.text)
    .text                                    0x00003484   Section        0  dmul.o(.text)
    .text                                    0x00003554   Section        0  ddiv.o(.text)
    .text                                    0x00003644   Section        0  uldiv.o(.text)
    .text                                    0x000036a4   Section        0  depilogue.o(.text)
    .text                                    0x00003764   Section        0  dadd.o(.text)
    .text                                    0x000038c8   Section        0  dfixul.o(.text)
    .text                                    0x00003908   Section       40  cdrcmple.o(.text)
    .text                                    0x00003930   Section       36  init.o(.text)
    .text                                    0x00003954   Section        0  llshl.o(.text)
    .text                                    0x00003974   Section        0  llushr.o(.text)
    .text                                    0x00003996   Section        0  llsshr.o(.text)
    i.__0printf$8                            0x000039bc   Section        0  printf8.o(i.__0printf$8)
    i.__0vsnprintf                           0x000039dc   Section        0  printfa.o(i.__0vsnprintf)
    i.__ARM_clz                              0x00003a00   Section        0  depilogue.o(i.__ARM_clz)
    i.__ARM_common_switch8                   0x00003a2e   Section        0  i2c.o(i.__ARM_common_switch8)
    i.__scatterload_copy                     0x00003a4a   Section       14  handlers.o(i.__scatterload_copy)
    i.__scatterload_zeroinit                 0x00003a58   Section       14  handlers.o(i.__scatterload_zeroinit)
    i._fp_digits                             0x00003a68   Section        0  printfa.o(i._fp_digits)
    _fp_digits                               0x00003a69   Thumb Code   316  printfa.o(i._fp_digits)
    i._printf_core                           0x00003bc0   Section        0  printf8.o(i._printf_core)
    _printf_core                             0x00003bc1   Thumb Code  1020  printf8.o(i._printf_core)
    i._printf_core                           0x00003fe8   Section        0  printfa.o(i._printf_core)
    _printf_core                             0x00003fe9   Thumb Code  1754  printfa.o(i._printf_core)
    i._printf_post_padding                   0x000046d4   Section        0  printf8.o(i._printf_post_padding)
    _printf_post_padding                     0x000046d5   Thumb Code    32  printf8.o(i._printf_post_padding)
    i._printf_post_padding                   0x000046f4   Section        0  printfa.o(i._printf_post_padding)
    _printf_post_padding                     0x000046f5   Thumb Code    32  printfa.o(i._printf_post_padding)
    i._printf_pre_padding                    0x00004714   Section        0  printf8.o(i._printf_pre_padding)
    _printf_pre_padding                      0x00004715   Thumb Code    44  printf8.o(i._printf_pre_padding)
    i._printf_pre_padding                    0x00004740   Section        0  printfa.o(i._printf_pre_padding)
    _printf_pre_padding                      0x00004741   Thumb Code    44  printfa.o(i._printf_pre_padding)
    i._snputc                                0x0000476c   Section        0  printfa.o(i._snputc)
    _snputc                                  0x0000476d   Thumb Code    22  printfa.o(i._snputc)
    .constdata                               0x00004784   Section       16  gpio.o(.constdata)
    LPC_GPIO                                 0x00004784   Data          16  gpio.o(.constdata)
    .constdata                               0x00004794   Section       48  seg7led.o(.constdata)
    LPC_GPIO                                 0x00004794   Data          16  seg7led.o(.constdata)
    .constdata                               0x000047c4   Section     1948  oled2864.o(.constdata)
    LPC_GPIO                                 0x000047c4   Data          16  oled2864.o(.constdata)
    .data                                    0x10000000   Section       12  system_lpc11xx.o(.data)
    .data                                    0x1000000c   Section       16  uart.o(.data)
    .data                                    0x1000001c   Section        8  retarget.o(.data)
    .data                                    0x10000024   Section       24  timer32.o(.data)
    .data                                    0x1000003c   Section       24  ssp.o(.data)
    .data                                    0x10000054   Section       41  i2c.o(.data)
    I2CMasterState                           0x10000054   Data           4  i2c.o(.data)
    I2CSlaveState                            0x10000058   Data           4  i2c.o(.data)
    I2CMode                                  0x1000005c   Data           4  i2c.o(.data)
    I2CCount                                 0x10000060   Data           4  i2c.o(.data)
    I2CMasterBuffer                          0x10000064   Data           4  i2c.o(.data)
    I2CSlaveBuffer                           0x10000068   Data           4  i2c.o(.data)
    I2CReadLength                            0x1000006c   Data           4  i2c.o(.data)
    I2CWriteLength                           0x10000070   Data           4  i2c.o(.data)
    RdIndex                                  0x10000074   Data           4  i2c.o(.data)
    WrIndex                                  0x10000078   Data           4  i2c.o(.data)
    I2CAddr                                  0x1000007c   Data           1  i2c.o(.data)
    .data                                    0x10000080   Section       12  can.o(.data)
    .data                                    0x1000008c   Section        8  spi_uart.o(.data)
    .data                                    0x10000094   Section        5  main.o(.data)
    Tick                                     0x10000094   Data           4  main.o(.data)
    cnt                                      0x10000098   Data           1  main.o(.data)
    .data                                    0x1000009c   Section        8  led_spk_fan.o(.data)
    .data                                    0x100000a4   Section       40  lpc11c14_it.o(.data)
    .bss                                     0x100000cc   Section       64  uart.o(.bss)
    .bss                                     0x1000010c   Section      896  can.o(.bss)
    .bss                                     0x1000048c   Section      256  spi_uart.o(.bss)
    STACK                                    0x10000590   Section      512  startup_lpc11xx.o(STACK)

    Global Symbols

    Symbol Name                              Value     Ov Type        Size  Object(Section)

    BuildAttributes$$THM_ISAv3M$S$PE$A:L22$X:L11$S22$IEEE1$IW$USESV6$~STKCKD$USESV7$~SHL$OTIME$ROPI$EBA8$MICROLIB$REQ8$PRES8$EABIv2 0x00000000   Number         0  anon$$obj.o ABSOLUTE
    __ARM_use_no_argv                        0x00000000   Number         0  main.o ABSOLUTE
    __Vectors                                0x00000000   Data           4  startup_lpc11xx.o(RESET)
    __use_no_errno                           0x00000000   Number         0  useno.o ABSOLUTE
    __use_no_exception_handling              0x00000000   Number         0  useno.o ABSOLUTE
    __use_no_fp                              0x00000000   Number         0  useno.o ABSOLUTE
    __use_no_heap                            0x00000000   Number         0  useno.o ABSOLUTE
    __use_no_heap_region                     0x00000000   Number         0  useno.o ABSOLUTE
    __use_no_semihosting                     0x00000000   Number         0  useno.o ABSOLUTE
    __use_no_semihosting_swi                 0x00000000   Number         0  useno.o ABSOLUTE
    __use_no_signal_handling                 0x00000000   Number         0  useno.o ABSOLUTE
    _printf_a                                0x00000000   Number         0  stubs.o ABSOLUTE
    _printf_c                                0x00000000   Number         0  stubs.o ABSOLUTE
    _printf_charcount                        0x00000000   Number         0  stubs.o ABSOLUTE
    _printf_d                                0x00000000   Number         0  stubs.o ABSOLUTE
    _printf_e                                0x00000000   Number         0  stubs.o ABSOLUTE
    _printf_f                                0x00000000   Number         0  stubs.o ABSOLUTE
    _printf_flags                            0x00000000   Number         0  stubs.o ABSOLUTE
    _printf_fp_dec                           0x00000000   Number         0  stubs.o ABSOLUTE
    _printf_fp_hex                           0x00000000   Number         0  stubs.o ABSOLUTE
    _printf_g                                0x00000000   Number         0  stubs.o ABSOLUTE
    _printf_i                                0x00000000   Number         0  stubs.o ABSOLUTE
    _printf_int_dec                          0x00000000   Number         0  stubs.o ABSOLUTE
    _printf_l                                0x00000000   Number         0  stubs.o ABSOLUTE
    _printf_lc                               0x00000000   Number         0  stubs.o ABSOLUTE
    _printf_ll                               0x00000000   Number         0  stubs.o ABSOLUTE
    _printf_lld                              0x00000000   Number         0  stubs.o ABSOLUTE
    _printf_lli                              0x00000000   Number         0  stubs.o ABSOLUTE
    _printf_llo                              0x00000000   Number         0  stubs.o ABSOLUTE
    _printf_llu                              0x00000000   Number         0  stubs.o ABSOLUTE
    _printf_llx                              0x00000000   Number         0  stubs.o ABSOLUTE
    _printf_longlong_dec                     0x00000000   Number         0  stubs.o ABSOLUTE
    _printf_longlong_hex                     0x00000000   Number         0  stubs.o ABSOLUTE
    _printf_longlong_oct                     0x00000000   Number         0  stubs.o ABSOLUTE
    _printf_ls                               0x00000000   Number         0  stubs.o ABSOLUTE
    _printf_mbtowc                           0x00000000   Number         0  stubs.o ABSOLUTE
    _printf_n                                0x00000000   Number         0  stubs.o ABSOLUTE
    _printf_o                                0x00000000   Number         0  stubs.o ABSOLUTE
    _printf_p                                0x00000000   Number         0  stubs.o ABSOLUTE
    _printf_percent                          0x00000000   Number         0  stubs.o ABSOLUTE
    _printf_pre_padding                      0x00000000   Number         0  stubs.o ABSOLUTE
    _printf_return_value                     0x00000000   Number         0  stubs.o ABSOLUTE
    _printf_s                                0x00000000   Number         0  stubs.o ABSOLUTE
    _printf_sizespec                         0x00000000   Number         0  stubs.o ABSOLUTE
    _printf_str                              0x00000000   Number         0  stubs.o ABSOLUTE
    _printf_truncate_signed                  0x00000000   Number         0  stubs.o ABSOLUTE
    _printf_truncate_unsigned                0x00000000   Number         0  stubs.o ABSOLUTE
    _printf_u                                0x00000000   Number         0  stubs.o ABSOLUTE
    _printf_wc                               0x00000000   Number         0  stubs.o ABSOLUTE
    _printf_wctomb                           0x00000000   Number         0  stubs.o ABSOLUTE
    _printf_widthprec                        0x00000000   Number         0  stubs.o ABSOLUTE
    _printf_x                                0x00000000   Number         0  stubs.o ABSOLUTE
    __cpp_initialize__aeabi_                  - Undefined Weak Reference
    __cxa_finalize                            - Undefined Weak Reference
    __decompress                              - Undefined Weak Reference
    _clock_init                               - Undefined Weak Reference
    _microlib_exit                            - Undefined Weak Reference
    __main                                   0x000000c1   Thumb Code     0  entry.o(.ARM.Collect$$$$00000000)
    _main_stk                                0x000000c1   Thumb Code     0  entry2.o(.ARM.Collect$$$$00000001)
    _main_scatterload                        0x000000c5   Thumb Code     0  entry5.o(.ARM.Collect$$$$00000004)
    __main_after_scatterload                 0x000000c9   Thumb Code     0  entry5.o(.ARM.Collect$$$$00000004)
    _main_clock                              0x000000c9   Thumb Code     0  entry7b.o(.ARM.Collect$$$$00000008)
    _main_cpp_init                           0x000000c9   Thumb Code     0  entry8b.o(.ARM.Collect$$$$0000000A)
    _main_init                               0x000000c9   Thumb Code     0  entry9a.o(.ARM.Collect$$$$0000000B)
    __rt_final_cpp                           0x000000d1   Thumb Code     0  entry10a.o(.ARM.Collect$$$$0000000D)
    __rt_final_exit                          0x000000d1   Thumb Code     0  entry11a.o(.ARM.Collect$$$$0000000F)
    Reset_Handler                            0x000000d5   Thumb Code     4  startup_lpc11xx.o(.text)
    NMI_Handler                              0x000000d9   Thumb Code     2  startup_lpc11xx.o(.text)
    HardFault_Handler                        0x000000db   Thumb Code     2  startup_lpc11xx.o(.text)
    MemManage_Handler                        0x000000dd   Thumb Code     2  startup_lpc11xx.o(.text)
    BusFault_Handler                         0x000000df   Thumb Code     2  startup_lpc11xx.o(.text)
    UsageFault_Handler                       0x000000e1   Thumb Code     2  startup_lpc11xx.o(.text)
    SVC_Handler                              0x000000e3   Thumb Code     2  startup_lpc11xx.o(.text)
    DebugMon_Handler                         0x000000e5   Thumb Code     2  startup_lpc11xx.o(.text)
    PendSV_Handler                           0x000000e7   Thumb Code     2  startup_lpc11xx.o(.text)
    ADC_IRQHandler                           0x000000eb   Thumb Code     0  startup_lpc11xx.o(.text)
    BOD_IRQHandler                           0x000000eb   Thumb Code     0  startup_lpc11xx.o(.text)
    FMC_IRQHandler                           0x000000eb   Thumb Code     0  startup_lpc11xx.o(.text)
    TIMER16_0_IRQHandler                     0x000000eb   Thumb Code     0  startup_lpc11xx.o(.text)
    TIMER16_1_IRQHandler                     0x000000eb   Thumb Code     0  startup_lpc11xx.o(.text)
    USB_FIQHandler                           0x000000eb   Thumb Code     0  startup_lpc11xx.o(.text)
    USB_IRQHandler                           0x000000eb   Thumb Code     0  startup_lpc11xx.o(.text)
    WAKEUP_IRQHandler                        0x000000eb   Thumb Code     0  startup_lpc11xx.o(.text)
    WDT_IRQHandler                           0x000000eb   Thumb Code     0  startup_lpc11xx.o(.text)
    Main_PLL_Setup                           0x000000f1   Thumb Code   142  system_lpc11xx.o(.text)
    SystemInit                               0x0000017f   Thumb Code    60  system_lpc11xx.o(.text)
    PutCh                                    0x000001d5   Thumb Code    20  retarget.o(.text)
    fputc                                    0x000001e9   Thumb Code    14  retarget.o(.text)
    GetCh                                    0x000001f7   Thumb Code    34  retarget.o(.text)
    fgetc                                    0x00000219   Thumb Code    16  retarget.o(.text)
    _ttywrch                                 0x00000229   Thumb Code    12  retarget.o(.text)
    ferror                                   0x00000235   Thumb Code     8  retarget.o(.text)
    _sys_exit                                0x0000023d   Thumb Code     4  retarget.o(.text)
    GetCh_NoIRQ                              0x00000241   Thumb Code    20  retarget.o(.text)
    delay_ms                                 0x00000261   Thumb Code   140  tools.o(.text)
    __I$use$fp                               0x000002f5   Thumb Code     0  iusefp.o(.text)
    __scatterload_null                       0x000002f5   Thumb Code     2  handlers.o(i.__scatterload_null)
    GPIOInit                                 0x00000301   Thumb Code    40  gpio.o(.text)
    GPIOSetInterrupt                         0x00000329   Thumb Code   446  gpio.o(.text)
    GPIOIntEnable                            0x000004e7   Thumb Code    88  gpio.o(.text)
    GPIOIntDisable                           0x0000053f   Thumb Code    88  gpio.o(.text)
    GPIOIntStatus                            0x00000597   Thumb Code   102  gpio.o(.text)
    GPIOIntClear                             0x000005fd   Thumb Code    88  gpio.o(.text)
    GPIOSetValue                             0x00000655   Thumb Code    22  gpio.o(.text)
    GPIOGetValue                             0x0000066b   Thumb Code    18  gpio.o(.text)
    GPIOSetDir                               0x0000067d   Thumb Code    78  gpio.o(.text)
    UART_IRQHandler                          0x000006f5   Thumb Code   186  uart.o(.text)
    UARTInit                                 0x000007af   Thumb Code   200  uart.o(.text)
    UARTSend                                 0x00000877   Thumb Code    32  uart.o(.text)
    UART0_PutChar                            0x00000897   Thumb Code    20  uart.o(.text)
    UART0_PutString                          0x000008ab   Thumb Code    22  uart.o(.text)
    UART0_printf                             0x000008c1   Thumb Code    40  uart.o(.text)
    UART0_GetChar                            0x000008e9   Thumb Code    54  uart.o(.text)
    delay32Ms                                0x00000949   Thumb Code   126  timer32.o(.text)
    TIMER32_0_IRQHandler                     0x000009c7   Thumb Code    58  timer32.o(.text)
    TIMER32_1_IRQHandler                     0x00000a01   Thumb Code    58  timer32.o(.text)
    enable_timer32                           0x00000a3b   Thumb Code    20  timer32.o(.text)
    disable_timer32                          0x00000a4f   Thumb Code    20  timer32.o(.text)
    reset_timer32                            0x00000a63   Thumb Code    34  timer32.o(.text)
    init_timer32                             0x00000a85   Thumb Code   226  timer32.o(.text)
    init_timer32_a1                          0x00000b67   Thumb Code    88  timer32.o(.text)
    init_timer32PWM                          0x00000bbf   Thumb Code   450  timer32.o(.text)
    setMatch_timer32PWM                      0x00000d81   Thumb Code    98  timer32.o(.text)
    SSP0_IRQHandler                          0x00000dfd   Thumb Code    72  ssp.o(.text)
    SSP1_IRQHandler                          0x00000e45   Thumb Code    72  ssp.o(.text)
    SSP_IOConfig                             0x00000e8d   Thumb Code   324  ssp.o(.text)
    SPI_IOConfig                             0x00000fd1   Thumb Code   392  ssp.o(.text)
    SSP_Init                                 0x00001159   Thumb Code   102  ssp.o(.text)
    SPI_Init                                 0x000011bf   Thumb Code   170  ssp.o(.text)
    SSP_Send                                 0x00001269   Thumb Code   106  ssp.o(.text)
    SSP_Receive                              0x000012d3   Thumb Code    76  ssp.o(.text)
    SPI_PutGet                               0x0000131f   Thumb Code   114  ssp.o(.text)
    I2C_IRQHandler                           0x000013ad   Thumb Code   398  i2c.o(.text)
    I2CStart                                 0x0000153b   Thumb Code    42  i2c.o(.text)
    I2CStop                                  0x00001565   Thumb Code    30  i2c.o(.text)
    I2CInit                                  0x00001583   Thumb Code   122  i2c.o(.text)
    I2CEngine                                0x000015fd   Thumb Code    56  i2c.o(.text)
    I2CRead                                  0x00001635   Thumb Code    44  i2c.o(.text)
    I2CWrite                                 0x00001661   Thumb Code    40  i2c.o(.text)
    CAN_MessageProcess                       0x000016b9   Thumb Code   132  can.o(.text)
    CAN_IRQHandler                           0x0000173d   Thumb Code   130  can.o(.text)
    CAN_ConfigureMessages                    0x000017bf   Thumb Code   192  can.o(.text)
    CAN_Init                                 0x0000187f   Thumb Code   168  can.o(.text)
    CAN_Send                                 0x00001927   Thumb Code   184  can.o(.text)
    KEY_Init                                 0x00001a21   Thumb Code    64  key.o(.text)
    KEY_Read                                 0x00001a61   Thumb Code   102  key.o(.text)
    Seg7Led_Init                             0x00001ac9   Thumb Code    54  seg7led.o(.text)
    Seg7Led_Put                              0x00001aff   Thumb Code    86  seg7led.o(.text)
    uDelay                                   0x00001b59   Thumb Code    14  oled2864.o(.text)
    Delay                                    0x00001b67   Thumb Code    48  oled2864.o(.text)
    Write_Command                            0x00001b97   Thumb Code    54  oled2864.o(.text)
    Write_Data                               0x00001bcd   Thumb Code    54  oled2864.o(.text)
    Set_Start_Column                         0x00001c03   Thumb Code    44  oled2864.o(.text)
    Set_Addressing_Mode                      0x00001c2f   Thumb Code    18  oled2864.o(.text)
    Set_Column_Address                       0x00001c41   Thumb Code    26  oled2864.o(.text)
    Set_Page_Address                         0x00001c5b   Thumb Code    26  oled2864.o(.text)
    Set_Start_Line                           0x00001c75   Thumb Code    16  oled2864.o(.text)
    Set_Contrast_Control                     0x00001c85   Thumb Code    18  oled2864.o(.text)
    Set_Charge_Pump                          0x00001c97   Thumb Code    22  oled2864.o(.text)
    Set_Segment_Remap                        0x00001cad   Thumb Code    16  oled2864.o(.text)
    Set_Entire_Display                       0x00001cbd   Thumb Code    16  oled2864.o(.text)
    Set_Inverse_Display                      0x00001ccd   Thumb Code    16  oled2864.o(.text)
    Set_Multiplex_Ratio                      0x00001cdd   Thumb Code    18  oled2864.o(.text)
    Set_Display_On_Off                       0x00001cef   Thumb Code    16  oled2864.o(.text)
    Set_Start_Page                           0x00001cff   Thumb Code    16  oled2864.o(.text)
    Set_Common_Remap                         0x00001d0f   Thumb Code    16  oled2864.o(.text)
    Set_Display_Offset                       0x00001d1f   Thumb Code    18  oled2864.o(.text)
    Set_Display_Clock                        0x00001d31   Thumb Code    18  oled2864.o(.text)
    Set_Precharge_Period                     0x00001d43   Thumb Code    18  oled2864.o(.text)
    Set_Common_Config                        0x00001d55   Thumb Code    22  oled2864.o(.text)
    Set_VCOMH                                0x00001d6b   Thumb Code    18  oled2864.o(.text)
    Set_NOP                                  0x00001d7d   Thumb Code    10  oled2864.o(.text)
    Fill_RAM                                 0x00001d87   Thumb Code    48  oled2864.o(.text)
    OLED_ClearScreen                         0x00001db7   Thumb Code    10  oled2864.o(.text)
    Fill_Block                               0x00001dc1   Thumb Code    68  oled2864.o(.text)
    Checkerboard                             0x00001e05   Thumb Code    52  oled2864.o(.text)
    Frame                                    0x00001e39   Thumb Code   108  oled2864.o(.text)
    Show_Font57                              0x00001ea5   Thumb Code    84  oled2864.o(.text)
    Show_String                              0x00001ef9   Thumb Code    60  oled2864.o(.text)
    Show_Pattern                             0x00001f35   Thumb Code    78  oled2864.o(.text)
    OLED_DisChar                             0x00001f83   Thumb Code   120  oled2864.o(.text)
    OLED_DisStrLine                          0x00001ffb   Thumb Code    68  oled2864.o(.text)
    Vertical_Scroll                          0x0000203f   Thumb Code   124  oled2864.o(.text)
    Horizontal_Scroll                        0x000020bb   Thumb Code    58  oled2864.o(.text)
    Continuous_Scroll                        0x000020f5   Thumb Code    82  oled2864.o(.text)
    Deactivate_Scroll                        0x00002147   Thumb Code    10  oled2864.o(.text)
    Fade_In                                  0x00002151   Thumb Code    44  oled2864.o(.text)
    Fade_Out                                 0x0000217d   Thumb Code    46  oled2864.o(.text)
    Sleep                                    0x000021ab   Thumb Code    46  oled2864.o(.text)
    Test                                     0x000021d9   Thumb Code    34  oled2864.o(.text)
    OLED_Init_E                              0x000021fb   Thumb Code   106  oled2864.o(.text)
    OLED_Init_I                              0x00002265   Thumb Code   126  oled2864.o(.text)
    OLED_Test                                0x000022e3   Thumb Code   372  oled2864.o(.text)
    SPI752_RegRead                           0x00002469   Thumb Code    58  spi_uart.o(.text)
    ZigBee_IRQ_Process                       0x000024a3   Thumb Code   140  spi_uart.o(.text)
    SPI752_RegWrite                          0x0000252f   Thumb Code    52  spi_uart.o(.text)
    SPI752_Init                              0x00002563   Thumb Code   218  spi_uart.o(.text)
    SPI752_PutChar                           0x0000263d   Thumb Code    36  spi_uart.o(.text)
    RS485_PutChar                            0x00002661   Thumb Code    14  spi_uart.o(.text)
    RS485_PutString                          0x0000266f   Thumb Code    24  spi_uart.o(.text)
    ZigBee_PutChar                           0x00002687   Thumb Code    14  spi_uart.o(.text)
    ZigBee_PutString                         0x00002695   Thumb Code    24  spi_uart.o(.text)
    SPI752_GetChar                           0x000026ad   Thumb Code   106  spi_uart.o(.text)
    RS485_GetChar                            0x00002717   Thumb Code    14  spi_uart.o(.text)
    ZigBee_GetChar                           0x00002725   Thumb Code    14  spi_uart.o(.text)
    ZigBee_Test                              0x00002733   Thumb Code   680  spi_uart.o(.text)
    RS485_Test                               0x000029db   Thumb Code   552  spi_uart.o(.text)
    SysTick_Handler                          0x00002cf5   Thumb Code    94  main.o(.text)
    main                                     0x00002d53   Thumb Code   290  main.o(.text)
    Dis_Menu                                 0x00002e95   Thumb Code   200  menu.o(.text)
    speaker_op                               0x00002f5d   Thumb Code    50  led_spk_fan.o(.text)
    LED_Test                                 0x00002f8f   Thumb Code   282  led_spk_fan.o(.text)
    Speaker_Test                             0x000030a9   Thumb Code   254  led_spk_fan.o(.text)
    Fan_Test                                 0x000031a7   Thumb Code   262  led_spk_fan.o(.text)
    PIOINT0_IRQHandler                       0x0000332d   Thumb Code    46  lpc11c14_it.o(.text)
    PIOINT1_IRQHandler                       0x0000335b   Thumb Code    84  lpc11c14_it.o(.text)
    PIOINT2_IRQHandler                       0x000033af   Thumb Code    34  lpc11c14_it.o(.text)
    PIOINT3_IRQHandler                       0x000033d1   Thumb Code    28  lpc11c14_it.o(.text)
    __aeabi_uidiv                            0x0000340d   Thumb Code     0  uidiv.o(.text)
    __aeabi_uidivmod                         0x0000340d   Thumb Code    44  uidiv.o(.text)
    __aeabi_idiv                             0x00003439   Thumb Code     0  idiv.o(.text)
    __aeabi_idivmod                          0x00003439   Thumb Code    40  idiv.o(.text)
    __aeabi_memcpy                           0x00003461   Thumb Code    36  memcpya.o(.text)
    __aeabi_memcpy4                          0x00003461   Thumb Code     0  memcpya.o(.text)
    __aeabi_memcpy8                          0x00003461   Thumb Code     0  memcpya.o(.text)
    __aeabi_dmul                             0x00003485   Thumb Code   202  dmul.o(.text)
    __aeabi_ddiv                             0x00003555   Thumb Code   234  ddiv.o(.text)
    __aeabi_uldivmod                         0x00003645   Thumb Code    96  uldiv.o(.text)
    _double_round                            0x000036a5   Thumb Code    26  depilogue.o(.text)
    _double_epilogue                         0x000036bf   Thumb Code   164  depilogue.o(.text)
    __aeabi_dadd                             0x00003765   Thumb Code   328  dadd.o(.text)
    __aeabi_dsub                             0x000038ad   Thumb Code    12  dadd.o(.text)
    __aeabi_drsub                            0x000038b9   Thumb Code    12  dadd.o(.text)
    __aeabi_d2ulz                            0x000038c9   Thumb Code    54  dfixul.o(.text)
    __aeabi_cdrcmple                         0x00003909   Thumb Code    38  cdrcmple.o(.text)
    __scatterload                            0x00003931   Thumb Code    28  init.o(.text)
    __scatterload_rt2                        0x00003931   Thumb Code     0  init.o(.text)
    __aeabi_llsl                             0x00003955   Thumb Code    32  llshl.o(.text)
    _ll_shift_l                              0x00003955   Thumb Code     0  llshl.o(.text)
    __aeabi_llsr                             0x00003975   Thumb Code    34  llushr.o(.text)
    _ll_ushift_r                             0x00003975   Thumb Code     0  llushr.o(.text)
    __aeabi_lasr                             0x00003997   Thumb Code    38  llsshr.o(.text)
    _ll_sshift_r                             0x00003997   Thumb Code     0  llsshr.o(.text)
    __0printf$8                              0x000039bd   Thumb Code    24  printf8.o(i.__0printf$8)
    __1printf$8                              0x000039bd   Thumb Code     0  printf8.o(i.__0printf$8)
    __2printf                                0x000039bd   Thumb Code     0  printf8.o(i.__0printf$8)
    __0vsnprintf                             0x000039dd   Thumb Code    32  printfa.o(i.__0vsnprintf)
    __1vsnprintf                             0x000039dd   Thumb Code     0  printfa.o(i.__0vsnprintf)
    __2vsnprintf                             0x000039dd   Thumb Code     0  printfa.o(i.__0vsnprintf)
    __c89vsnprintf                           0x000039dd   Thumb Code     0  printfa.o(i.__0vsnprintf)
    vsnprintf                                0x000039dd   Thumb Code     0  printfa.o(i.__0vsnprintf)
    __ARM_clz                                0x00003a01   Thumb Code    46  depilogue.o(i.__ARM_clz)
    __ARM_common_switch8                     0x00003a2f   Thumb Code    28  i2c.o(i.__ARM_common_switch8)
    __scatterload_copy                       0x00003a4b   Thumb Code    14  handlers.o(i.__scatterload_copy)
    __scatterload_zeroinit                   0x00003a59   Thumb Code    14  handlers.o(i.__scatterload_zeroinit)
    segcode                                  0x000047a4   Data          32  seg7led.o(.constdata)
    UniV                                     0x000047d4   Data         192  oled2864.o(.constdata)
    Ascii_1                                  0x00004894   Data        1205  oled2864.o(.constdata)
    Ascii_2                                  0x00004d49   Data         535  oled2864.o(.constdata)
    Region$$Table$$Base                      0x00004f60   Number         0  anon$$obj.o(Region$$Table)
    Region$$Table$$Limit                     0x00004f80   Number         0  anon$$obj.o(Region$$Table)
    ClockSource                              0x10000000   Data           4  system_lpc11xx.o(.data)
    SystemFrequency                          0x10000004   Data           4  system_lpc11xx.o(.data)
    SystemAHBFrequency                       0x10000008   Data           4  system_lpc11xx.o(.data)
    UARTStatus                               0x1000000c   Data           4  uart.o(.data)
    UARTTxEmpty                              0x10000010   Data           1  uart.o(.data)
    UARTCount                                0x10000014   Data           4  uart.o(.data)
    UART_op                                  0x10000018   Data           4  uart.o(.data)
    __stdout                                 0x1000001c   Data           4  retarget.o(.data)
    __stdin                                  0x10000020   Data           4  retarget.o(.data)
    timer32_0_counter                        0x10000024   Data           4  timer32.o(.data)
    timer32_1_counter                        0x10000028   Data           4  timer32.o(.data)
    timer32_0_capture                        0x1000002c   Data           4  timer32.o(.data)
    timer32_1_capture                        0x10000030   Data           4  timer32.o(.data)
    timer32_0_period                         0x10000034   Data           4  timer32.o(.data)
    timer32_1_period                         0x10000038   Data           4  timer32.o(.data)
    interruptRxStat0                         0x1000003c   Data           4  ssp.o(.data)
    interruptOverRunStat0                    0x10000040   Data           4  ssp.o(.data)
    interruptRxTimeoutStat0                  0x10000044   Data           4  ssp.o(.data)
    interruptRxStat1                         0x10000048   Data           4  ssp.o(.data)
    interruptOverRunStat1                    0x1000004c   Data           4  ssp.o(.data)
    interruptRxTimeoutStat1                  0x10000050   Data           4  ssp.o(.data)
    BOffCnt                                  0x10000080   Data           4  can.o(.data)
    EWarnCnt                                 0x10000084   Data           4  can.o(.data)
    EPassCnt                                 0x10000088   Data           4  can.o(.data)
    SPI752_rbuf_0_ip                         0x1000008c   Data           2  spi_uart.o(.data)
    SPI752_rbuf_0_op                         0x1000008e   Data           2  spi_uart.o(.data)
    SPI752_rbuf_1_ip                         0x10000090   Data           2  spi_uart.o(.data)
    SPI752_rbuf_1_op                         0x10000092   Data           2  spi_uart.o(.data)
    period                                   0x1000009c   Data           4  led_spk_fan.o(.data)
    i                                        0x100000a0   Data           4  led_spk_fan.o(.data)
    gpio0_counter                            0x100000a4   Data           4  lpc11c14_it.o(.data)
    p0_1_counter                             0x100000a8   Data           4  lpc11c14_it.o(.data)
    gpio1_counter                            0x100000ac   Data           4  lpc11c14_it.o(.data)
    p1_1_counter                             0x100000b0   Data           4  lpc11c14_it.o(.data)
    gpio2_counter                            0x100000b4   Data           4  lpc11c14_it.o(.data)
    p2_8_counter                             0x100000b8   Data           4  lpc11c14_it.o(.data)
    gpio3_counter                            0x100000bc   Data           4  lpc11c14_it.o(.data)
    p3_1_counter                             0x100000c0   Data           4  lpc11c14_it.o(.data)
    p3_2_counter                             0x100000c4   Data           4  lpc11c14_it.o(.data)
    p3_2_tc                                  0x100000c8   Data           4  lpc11c14_it.o(.data)
    UARTBuffer                               0x100000cc   Data          64  uart.o(.bss)
    CANRxDone                                0x1000010c   Data         128  can.o(.bss)
    can_buff                                 0x1000018c   Data         768  can.o(.bss)
    SPI752_rbuf_0                            0x1000048c   Data         128  spi_uart.o(.bss)
    SPI752_rbuf_1                            0x1000050c   Data         128  spi_uart.o(.bss)
    __initial_sp                             0x10000790   Data           0  startup_lpc11xx.o(STACK)



==============================================================================

Memory Map of the image

  Image Entry point : 0x000000c1

  Load Region LR_IROM1 (Base: 0x00000000, Size: 0x0000504c, Max: 0x00008000, ABSOLUTE)

    Execution Region ER_IROM1 (Base: 0x00000000, Size: 0x00004f80, Max: 0x00008000, ABSOLUTE)

    Base Addr    Size         Type   Attr      Idx    E Section Name        Object

    0x00000000   0x000000c0   Data   RO            3    RESET               startup_lpc11xx.o
    0x000000c0   0x00000000   Code   RO          522  * .ARM.Collect$$$$00000000  mc_p.l(entry.o)
    0x000000c0   0x00000004   Code   RO          806    .ARM.Collect$$$$00000001  mc_p.l(entry2.o)
    0x000000c4   0x00000004   Code   RO          809    .ARM.Collect$$$$00000004  mc_p.l(entry5.o)
    0x000000c8   0x00000000   Code   RO          811    .ARM.Collect$$$$00000008  mc_p.l(entry7b.o)
    0x000000c8   0x00000000   Code   RO          813    .ARM.Collect$$$$0000000A  mc_p.l(entry8b.o)
    0x000000c8   0x00000008   Code   RO          814    .ARM.Collect$$$$0000000B  mc_p.l(entry9a.o)
    0x000000d0   0x00000000   Code   RO          816    .ARM.Collect$$$$0000000D  mc_p.l(entry10a.o)
    0x000000d0   0x00000000   Code   RO          818    .ARM.Collect$$$$0000000F  mc_p.l(entry11a.o)
    0x000000d0   0x00000004   Code   RO          807    .ARM.Collect$$$$00002712  mc_p.l(entry2.o)
    0x000000d4   0x0000001c   Code   RO            5    .text               startup_lpc11xx.o
    0x000000f0   0x000000e4   Code   RO           27    .text               system_lpc11xx.o
    0x000001d4   0x0000008c   Code   RO          119    .text               retarget.o
    0x00000260   0x00000094   Code   RO          250    .text               tools.o
    0x000002f4   0x00000000   Code   RO          822    .text               mc_p.l(iusefp.o)
    0x000002f4   0x00000002   Code   RO          846    i.__scatterload_null  mc_p.l(handlers.o)
    0x000002f6   0x00000006   PAD
    0x000002fc   0x00000004   Code   RO            4    .ARM.__at_0x02FC    startup_lpc11xx.o
    0x00000300   0x000003f4   Code   RO           70    .text               gpio.o
    0x000006f4   0x00000254   Code   RO           90    .text               uart.o
    0x00000948   0x000004b4   Code   RO          145    .text               timer32.o
    0x00000dfc   0x000005b0   Code   RO          163    .text               ssp.o
    0x000013ac   0x0000030c   Code   RO          183    .text               i2c.o
    0x000016b8   0x00000368   Code   RO          211    .text               can.o
    0x00001a20   0x000000a6   Code   RO          274    .text               key.o
    0x00001ac6   0x00000002   PAD
    0x00001ac8   0x00000090   Code   RO          291    .text               seg7led.o
    0x00001b58   0x00000910   Code   RO          309    .text               oled2864.o
    0x00002468   0x0000088c   Code   RO          398    .text               spi_uart.o
    0x00002cf4   0x000001a0   Code   RO          418    .text               main.o
    0x00002e94   0x000000c8   Code   RO          463    .text               menu.o
    0x00002f5c   0x000003d0   Code   RO          489    .text               led_spk_fan.o
    0x0000332c   0x000000e0   Code   RO          506    .text               lpc11c14_it.o
    0x0000340c   0x0000002c   Code   RO          525    .text               mc_p.l(uidiv.o)
    0x00003438   0x00000028   Code   RO          527    .text               mc_p.l(idiv.o)
    0x00003460   0x00000024   Code   RO          529    .text               mc_p.l(memcpya.o)
    0x00003484   0x000000d0   Code   RO          796    .text               mf_p.l(dmul.o)
    0x00003554   0x000000f0   Code   RO          798    .text               mf_p.l(ddiv.o)
    0x00003644   0x00000060   Code   RO          820    .text               mc_p.l(uldiv.o)
    0x000036a4   0x000000be   Code   RO          825    .text               mf_p.l(depilogue.o)
    0x00003762   0x00000002   PAD
    0x00003764   0x00000164   Code   RO          829    .text               mf_p.l(dadd.o)
    0x000038c8   0x00000040   Code   RO          831    .text               mf_p.l(dfixul.o)
    0x00003908   0x00000028   Code   RO          833    .text               mf_p.l(cdrcmple.o)
    0x00003930   0x00000024   Code   RO          835    .text               mc_p.l(init.o)
    0x00003954   0x00000020   Code   RO          837    .text               mc_p.l(llshl.o)
    0x00003974   0x00000022   Code   RO          839    .text               mc_p.l(llushr.o)
    0x00003996   0x00000026   Code   RO          841    .text               mc_p.l(llsshr.o)
    0x000039bc   0x00000020   Code   RO          740    i.__0printf$8       mc_p.l(printf8.o)
    0x000039dc   0x00000024   Code   RO          771    i.__0vsnprintf      mc_p.l(printfa.o)
    0x00003a00   0x0000002e   Code   RO          827    i.__ARM_clz         mf_p.l(depilogue.o)
    0x00003a2e   0x0000001c   Code   RO          194    i.__ARM_common_switch8  i2c.o
    0x00003a4a   0x0000000e   Code   RO          845    i.__scatterload_copy  mc_p.l(handlers.o)
    0x00003a58   0x0000000e   Code   RO          847    i.__scatterload_zeroinit  mc_p.l(handlers.o)
    0x00003a66   0x00000002   PAD
    0x00003a68   0x00000158   Code   RO          773    i._fp_digits        mc_p.l(printfa.o)
    0x00003bc0   0x00000428   Code   RO          747    i._printf_core      mc_p.l(printf8.o)
    0x00003fe8   0x000006ec   Code   RO          774    i._printf_core      mc_p.l(printfa.o)
    0x000046d4   0x00000020   Code   RO          748    i._printf_post_padding  mc_p.l(printf8.o)
    0x000046f4   0x00000020   Code   RO          775    i._printf_post_padding  mc_p.l(printfa.o)
    0x00004714   0x0000002c   Code   RO          749    i._printf_pre_padding  mc_p.l(printf8.o)
    0x00004740   0x0000002c   Code   RO          776    i._printf_pre_padding  mc_p.l(printfa.o)
    0x0000476c   0x00000016   Code   RO          777    i._snputc           mc_p.l(printfa.o)
    0x00004782   0x00000002   PAD
    0x00004784   0x00000010   Data   RO           71    .constdata          gpio.o
    0x00004794   0x00000030   Data   RO          292    .constdata          seg7led.o
    0x000047c4   0x0000079c   Data   RO          310    .constdata          oled2864.o
    0x00004f60   0x00000020   Data   RO          843    Region$$Table       anon$$obj.o


    Execution Region RW_IRAM1 (Base: 0x10000000, Size: 0x00000790, Max: 0x00002000, ABSOLUTE)

    Base Addr    Size         Type   Attr      Idx    E Section Name        Object

    0x10000000   0x0000000c   Data   RW           28    .data               system_lpc11xx.o
    0x1000000c   0x00000010   Data   RW           92    .data               uart.o
    0x1000001c   0x00000008   Data   RW          120    .data               retarget.o
    0x10000024   0x00000018   Data   RW          146    .data               timer32.o
    0x1000003c   0x00000018   Data   RW          166    .data               ssp.o
    0x10000054   0x00000029   Data   RW          184    .data               i2c.o
    0x1000007d   0x00000003   PAD
    0x10000080   0x0000000c   Data   RW          214    .data               can.o
    0x1000008c   0x00000008   Data   RW          401    .data               spi_uart.o
    0x10000094   0x00000005   Data   RW          420    .data               main.o
    0x10000099   0x00000003   PAD
    0x1000009c   0x00000008   Data   RW          491    .data               led_spk_fan.o
    0x100000a4   0x00000028   Data   RW          508    .data               lpc11c14_it.o
    0x100000cc   0x00000040   Zero   RW           91    .bss                uart.o
    0x1000010c   0x00000380   Zero   RW          212    .bss                can.o
    0x1000048c   0x00000100   Zero   RW          399    .bss                spi_uart.o
    0x1000058c   0x00000004   PAD
    0x10000590   0x00000200   Zero   RW            1    STACK               startup_lpc11xx.o


==============================================================================

Image component sizes


      Code (inc. data)   RO Data    RW Data    ZI Data      Debug   Object Name

       872         66          0         12        896       4575   can.o
         0          0          0          0          0       4504   core_cm0.o
      1012         28         16          0          0      11037   gpio.o
       808         62          0         41          0      18005   i2c.o
       166          0          0          0          0        692   key.o
       976        128          0          8          0       2403   led_spk_fan.o
       224         32          0         40          0       2009   lpc11c14_it.o
       416         32          0          5          0       2131   main.o
       200          0          0          0          0        635   menu.o
      2320         26       1948          0          0      11036   oled2864.o
       140         12          0          8          0       3585   retarget.o
         0          0          0          0          0        400   rfid.o
       144          4         48          0          0       1337   seg7led.o
      2188        338          0          8        256       5302   spi_uart.o
      1456         60          0         24          0       4153   ssp.o
        32          8        192          0        512       1080   startup_lpc11xx.o
       228         26          0         12          0       8433   system_lpc11xx.o
      1204         56          0         24          0       3860   timer32.o
       148          8          0          0          0       1179   tools.o
       596         42          0         16         64      11327   uart.o

    ----------------------------------------------------------------------
     13132        928       2236        204       1732      97683   Object Totals
         0          0         32          0          0          0   (incl. Generated)
         2          0          0          6          4          0   (incl. Padding)

    ----------------------------------------------------------------------

      Code (inc. data)   RO Data    RW Data    ZI Data      Debug   Library Member Name

         0          0          0          0          0          0   entry.o
         0          0          0          0          0          0   entry10a.o
         0          0          0          0          0          0   entry11a.o
         8          4          0          0          0          0   entry2.o
         4          0          0          0          0          0   entry5.o
         0          0          0          0          0          0   entry7b.o
         0          0          0          0          0          0   entry8b.o
         8          4          0          0          0          0   entry9a.o
        30          0          0          0          0          0   handlers.o
        40          0          0          0          0         72   idiv.o
        36          8          0          0          0         68   init.o
         0          0          0          0          0          0   iusefp.o
        32          0          0          0          0         68   llshl.o
        38          0          0          0          0         68   llsshr.o
        34          0          0          0          0         68   llushr.o
        36          0          0          0          0         60   memcpya.o
      1172         52          0          0          0        324   printf8.o
      2250         94          0          0          0        460   printfa.o
        44          0          0          0          0         72   uidiv.o
        96          0          0          0          0         84   uldiv.o
        40          2          0          0          0         68   cdrcmple.o
       356          4          0          0          0        140   dadd.o
       240          6          0          0          0         84   ddiv.o
       236          0          0          0          0        216   depilogue.o
        64         10          0          0          0         68   dfixul.o
       208          6          0          0          0         88   dmul.o

    ----------------------------------------------------------------------
      4984        190          0          0          0       2008   Library Totals
        12          0          0          0          0          0   (incl. Padding)

    ----------------------------------------------------------------------

      Code (inc. data)   RO Data    RW Data    ZI Data      Debug   Library Name

      3828        162          0          0          0       1344   mc_p.l
      1144         28          0          0          0        664   mf_p.l

    ----------------------------------------------------------------------
      4984        190          0          0          0       2008   Library Totals

    ----------------------------------------------------------------------

==============================================================================


      Code (inc. data)   RO Data    RW Data    ZI Data      Debug   

     18116       1118       2236        204       1732      97723   Grand Totals
     18116       1118       2236        204       1732      97723   ELF Image Totals
     18116       1118       2236        204          0          0   ROM Totals

==============================================================================

    Total RO  Size (Code + RO Data)                20352 (  19.88kB)
    Total RW  Size (RW Data + ZI Data)              1936 (   1.89kB)
    Total ROM Size (Code + RO Data + RW Data)      20556 (  20.07kB)

==============================================================================

